{
    "page": 1,
    "limit": 10,
    "total": 3,
    "pages": 1,
    "items": [
        {
            "code": "LOGAN_MUG_CODE",
            "name": "Logan Becher",
            "slug": "logan-becher",
            "taxons": {
                "main": "MUG",
                "others": [
                    "MUG",
                    "CATEGORY",
                    "BRAND"
                ]
            },
            "variants": {
                "LOGAN_MUG_CODE": {
                    "code": "LOGAN_MUG_CODE",
                    "name": "Logan Becher",
                    "price": {
                        "current": 1000,
                        "currency": "GBP"
                    },
                    "images": []
                }
            },
            "attributes": [
                {
                    "code": "PRODUCTION_YEAR",
                    "name": "Produktionsjahr",
                    "value": "2015"
                },
                {
                    "code": "MUG_COLLECTION_CODE",
                    "name": "Becher Sammlung",
                    "value": "FEIERTAGSKOLLEKTION"
                },
                {
                    "code": "MUG_MATERIAL_CODE",
                    "name": "Becher Material",
                    "value": "Holz"
                }
            ],
            "images": [],
            "channelCode": "WEB_GB",
            "localeCode": "de_DE"
        },
        {
            "code": "LOGAN_HAT_CODE",
            "name": "Logan Hut",
            "slug": "logan-hut",
            "taxons": {
                "others": [
                    "HAT",
                    "CATEGORY",
                    "BRAND"
                ]
            },
            "variants": {
                "LOGAN_HAT_CODE": {
                    "code": "LOGAN_HAT_CODE",
                    "name": "Logan Hut",
                    "price": {
                        "current": 1500,
                        "currency": "GBP"
                    },
                    "images": []
                }
            },
            "attributes": [
                {
                    "code": "PRODUCTION_YEAR",
                    "name": "Produktionsjahr",
                    "value": "2010"
                },
                {
                    "code": "MUG_COLLECTION_CODE",
                    "name": "Becher Sammlung",
                    "value": "FEIERTAGSKOLLEKTION"
                }
            ],
            "images": [],
            "channelCode": "WEB_GB",
            "localeCode": "de_DE"
        },
        {
            "code": "LOGAN_T_SHIRT_CODE",
            "name": "Logan T-Shirt",
            "slug": "logan-t-shirt",
            "taxons": {
                "main": "T_SHIRTS",
                "others": [
                    "T_SHIRTS",
                    "CATEGORY",
                    "BRAND"
                ]
            },
            "variants": {
                "LOGAN_T_SHIRT_CODE": {
                    "code": "LOGAN_T_SHIRT_CODE",
                    "name": "Logan T-Shirt",
                    "price": {
                        "current": 2000,
                        "currency": "GBP"
                    },
                    "images": []
                }
            },
            "attributes": [
                {
                    "code": "PRODUCTION_YEAR",
                    "name": "Produktionsjahr",
                    "value": "2020"
                }
            ],
            "images": [],
            "channelCode": "WEB_GB",
            "localeCode": "de_DE"
        }
    ],
    "filters": {
        "channel": {
            "state": {
                "active": true,
                "value": "WEB_GB",
                "urlParameters": {
                    "channel": "WEB_GB"
                },
                "name": "channel",
                "options": []
            },
            "tags": [],
            "urlParameters": {
                "channel": "WEB_GB",
                "enabled": true,
                "stock": "1",
                "locale": "de_DE"
            },
            "resetUrlParameters": {
                "enabled": true,
                "stock": "1",
                "locale": "de_DE"
            },
            "name": "channel",
            "choices": [
                {
                    "active": false,
                    "default": false,
                    "urlParameters": {
                        "enabled": true,
                        "stock": "1",
                        "locale": "de_DE",
                        "channel": "WEB_DE"
                    },
                    "label": "WEB_DE",
                    "count": 1
                },
                {
                    "active": true,
                    "default": false,
                    "urlParameters": {
                        "enabled": true,
                        "stock": "1",
                        "locale": "de_DE"
                    },
                    "label": "WEB_GB",
                    "count": 3
                }
            ]
        },
        "enabled": {
            "state": {
                "active": true,
                "value": true,
                "urlParameters": {
                    "enabled": true
                },
                "name": "enabled",
                "options": []
            },
            "tags": [],
            "urlParameters": {
                "channel": "WEB_GB",
                "enabled": true,
                "stock": "1",
                "locale": "de_DE"
            },
            "resetUrlParameters": {
                "channel": "WEB_GB",
                "stock": "1",
                "locale": "de_DE"
            },
            "name": "enabled",
            "choices": [
                {
                    "active": false,
                    "default": false,
                    "urlParameters": {
                        "channel": "WEB_GB",
                        "stock": "1",
                        "locale": "de_DE",
                        "enabled": 0
                    },
                    "label": 0,
                    "count": 1
                },
                {
                    "active": true,
                    "default": false,
                    "urlParameters": {
                        "channel": "WEB_GB",
                        "stock": "1",
                        "locale": "de_DE"
                    },
                    "label": 1,
                    "count": 3
                }
            ]
        },
        "taxonCode": {
            "state": {
                "active": false,
                "urlParameters": [],
                "name": "taxonCode",
                "options": []
            },
            "tags": [],
            "urlParameters": {
                "channel": "WEB_GB",
                "enabled": true,
                "stock": "1",
                "locale": "de_DE"
            },
            "resetUrlParameters": {
                "channel": "WEB_GB",
                "enabled": true,
                "stock": "1",
                "locale": "de_DE"
            },
            "name": "taxonCode",
            "choices": [
                {
                    "active": false,
                    "default": false,
                    "urlParameters": {
                        "channel": "WEB_GB",
                        "enabled": true,
                        "stock": "1",
                        "locale": "de_DE",
                        "taxonCode": "HAT"
                    },
                    "label": "HAT",
                    "count": 1
                },
                {
                    "active": false,
                    "default": false,
                    "urlParameters": {
                        "channel": "WEB_GB",
                        "enabled": true,
                        "stock": "1",
                        "locale": "de_DE",
                        "taxonCode": "MUG"
                    },
                    "label": "MUG",
                    "count": 1
                },
                {
                    "active": false,
                    "default": false,
                    "urlParameters": {
                        "channel": "WEB_GB",
                        "enabled": true,
                        "stock": "1",
                        "locale": "de_DE",
                        "taxonCode": "T_SHIRTS"
                    },
                    "label": "T_SHIRTS",
                    "count": 1
                },
                {
                    "active": false,
                    "default": false,
                    "urlParameters": {
                        "channel": "WEB_GB",
                        "enabled": true,
                        "stock": "1",
                        "locale": "de_DE",
                        "taxonCode": "BRAND"
                    },
                    "label": "BRAND",
                    "count": 3
                },
                {
                    "active": false,
                    "default": false,
                    "urlParameters": {
                        "channel": "WEB_GB",
                        "enabled": true,
                        "stock": "1",
                        "locale": "de_DE",
                        "taxonCode": "CATEGORY"
                    },
                    "label": "CATEGORY",
                    "count": 3
                }
            ]
        },
        "taxonSlug": {
            "state": {
                "active": false,
                "urlParameters": [],
                "name": "taxonSlug",
                "options": []
            },
            "tags": [],
            "urlParameters": {
                "channel": "WEB_GB",
                "enabled": true,
                "stock": "1",
                "locale": "de_DE"
            },
            "resetUrlParameters": {
                "channel": "WEB_GB",
                "enabled": true,
                "stock": "1",
                "locale": "de_DE"
            },
            "name": "taxonSlug",
            "choices": [
                {
                    "active": false,
                    "default": false,
                    "urlParameters": {
                        "channel": "WEB_GB",
                        "enabled": true,
                        "stock": "1",
                        "locale": "de_DE",
                        "taxonSlug": "kategorien\/1t-shirts"
                    },
                    "label": "kategorien\/1t-shirts",
                    "count": 1
                },
                {
                    "active": false,
                    "default": false,
                    "urlParameters": {
                        "channel": "WEB_GB",
                        "enabled": true,
                        "stock": "1",
                        "locale": "de_DE",
                        "taxonSlug": "kategorien\/1tassen"
                    },
                    "label": "kategorien\/1tassen",
                    "count": 1
                },
                {
                    "active": false,
                    "default": false,
                    "urlParameters": {
                        "channel": "WEB_GB",
                        "enabled": true,
                        "stock": "1",
                        "locale": "de_DE",
                        "taxonSlug": "kategorien\/hut"
                    },
                    "label": "kategorien\/hut",
                    "count": 1
                },
                {
                    "active": false,
                    "default": false,
                    "urlParameters": {
                        "channel": "WEB_GB",
                        "enabled": true,
                        "stock": "1",
                        "locale": "de_DE",
                        "taxonSlug": "kategorien"
                    },
                    "label": "kategorien",
                    "count": 3
                },
                {
                    "active": false,
                    "default": false,
                    "urlParameters": {
                        "channel": "WEB_GB",
                        "enabled": true,
                        "stock": "1",
                        "locale": "de_DE",
                        "taxonSlug": "marken"
                    },
                    "label": "marken",
                    "count": 3
                }
            ]
        },
        "priceRange": {
            "state": {
                "active": false,
                "urlParameters": [],
                "name": "priceRange",
                "options": []
            },
            "tags": [],
            "urlParameters": {
                "channel": "WEB_GB",
                "enabled": true,
                "stock": "1",
                "locale": "de_DE"
            },
            "resetUrlParameters": {
                "channel": "WEB_GB",
                "enabled": true,
                "stock": "1",
                "locale": "de_DE"
            },
            "name": "priceRange",
            "minBounds": 1000,
            "maxBounds": 2000
        },
        "inStock": {
            "state": {
                "active": true,
                "value": {
                    "gte": "1"
                },
                "urlParameters": {
                    "stock": "1"
                },
                "name": "inStock",
                "options": []
            },
            "tags": [],
            "urlParameters": {
                "channel": "WEB_GB",
                "enabled": true,
                "stock": "1",
                "locale": "de_DE"
            },
            "resetUrlParameters": {
                "channel": "WEB_GB",
                "enabled": true,
                "locale": "de_DE"
            },
            "name": "inStock"
        },
        "locale": {
            "state": {
                "active": true,
                "value": "de_DE",
                "urlParameters": {
                    "locale": "de_DE"
                },
                "name": "locale",
                "options": []
            },
            "tags": [],
            "urlParameters": {
                "channel": "WEB_GB",
                "enabled": true,
                "stock": "1",
                "locale": "de_DE"
            },
            "resetUrlParameters": {
                "channel": "WEB_GB",
                "enabled": true,
                "stock": "1"
            },
            "name": "locale",
            "choices": [
                {
                    "active": true,
                    "default": false,
                    "urlParameters": {
                        "channel": "WEB_GB",
                        "enabled": true,
                        "stock": "1"
                    },
                    "label": "de_DE",
                    "count": 3
                },
                {
                    "active": false,
                    "default": false,
                    "urlParameters": {
                        "channel": "WEB_GB",
                        "enabled": true,
                        "stock": "1",
                        "locale": "en_GB"
                    },
                    "label": "en_GB",
                    "count": 3
                }
            ]
        },
        "paginator": {
            "state": {
                "active": false,
                "value": 1,
                "urlParameters": [],
                "name": "paginator",
                "options": {
                    "limit": 10
                }
            },
            "tags": [],
            "urlParameters": {
                "channel": "WEB_GB",
                "enabled": true,
                "stock": "1",
                "locale": "de_DE"
            },
            "resetUrlParameters": {
                "channel": "WEB_GB",
                "enabled": true,
                "stock": "1",
                "locale": "de_DE"
            },
            "name": "paginator",
            "currentPage": 1,
            "totalItems": 3,
            "maxPages": 20,
            "itemsPerPage": 10,
            "numPages": 1,
            "options": [],
            "limit": 10
        },
        "search": {
            "state": {
                "active": false,
                "urlParameters": [],
                "name": "search",
                "options": []
            },
            "tags": [],
            "urlParameters": {
                "channel": "WEB_GB",
                "enabled": true,
                "stock": "1",
                "locale": "de_DE"
            },
            "resetUrlParameters": {
                "channel": "WEB_GB",
                "enabled": true,
                "stock": "1",
                "locale": "de_DE"
            },
            "name": "search"
        },
        "attributes": {
            "state": {
                "active": false,
                "urlParameters": [],
                "name": "attributes",
                "options": []
            },
            "tags": [],
            "urlParameters": {
                "channel": "WEB_GB",
                "enabled": true,
                "stock": "1",
                "locale": "de_DE"
            },
            "resetUrlParameters": {
                "channel": "WEB_GB",
                "enabled": true,
                "stock": "1",
                "locale": "de_DE"
            },
            "name": "attributes",
            "items": [
                {
                    "tags": [],
                    "urlParameters": [],
                    "resetUrlParameters": {
                        "channel": "WEB_GB",
                        "enabled": true,
                        "stock": "1",
                        "locale": "de_DE"
                    },
                    "name": "Becher Material",
                    "choices": {
                        "Holz": {
                            "active": false,
                            "default": false,
                            "urlParameters": {
                                "channel": "WEB_GB",
                                "enabled": true,
                                "stock": "1",
                                "locale": "de_DE",
                                "attributes": {
                                    "Becher Material": [
                                        "Holz"
                                    ]
                                }
                            },
                            "label": "Holz",
                            "count": 1
                        }
                    }
                },
                {
                    "tags": [],
                    "urlParameters": [],
                    "resetUrlParameters": {
                        "channel": "WEB_GB",
                        "enabled": true,
                        "stock": "1",
                        "locale": "de_DE"
                    },
                    "name": "Becher Sammlung",
                    "choices": {
                        "FEIERTAGSKOLLEKTION": {
                            "active": false,
                            "default": false,
                            "urlParameters": {
                                "channel": "WEB_GB",
                                "enabled": true,
                                "stock": "1",
                                "locale": "de_DE",
                                "attributes": {
                                    "Becher Sammlung": [
                                        "FEIERTAGSKOLLEKTION"
                                    ]
                                }
                            },
                            "label": "FEIERTAGSKOLLEKTION",
                            "count": 2
                        }
                    }
                },
                {
                    "tags": [],
                    "urlParameters": [],
                    "resetUrlParameters": {
                        "channel": "WEB_GB",
                        "enabled": true,
                        "stock": "1",
                        "locale": "de_DE"
                    },
                    "name": "Produktionsjahr",
                    "choices": {
                        "2010": {
                            "active": false,
                            "default": false,
                            "urlParameters": {
                                "channel": "WEB_GB",
                                "enabled": true,
                                "stock": "1",
                                "locale": "de_DE",
                                "attributes": {
                                    "Produktionsjahr": [
                                        "2010"
                                    ]
                                }
                            },
                            "label": "2010",
                            "count": 1
                        },
                        "2015": {
                            "active": false,
                            "default": false,
                            "urlParameters": {
                                "channel": "WEB_GB",
                                "enabled": true,
                                "stock": "1",
                                "locale": "de_DE",
                                "attributes": {
                                    "Produktionsjahr": [
                                        "2015"
                                    ]
                                }
                            },
                            "label": "2015",
                            "count": 1
                        },
                        "2020": {
                            "active": false,
                            "default": false,
                            "urlParameters": {
                                "channel": "WEB_GB",
                                "enabled": true,
                                "stock": "1",
                                "locale": "de_DE",
                                "attributes": {
                                    "Produktionsjahr": [
                                        "2020"
                                    ]
                                }
                            },
                            "label": "2020",
                            "count": 1
                        }
                    }
                }
            ]
        },
        "attributesByCode": {
            "state": {
                "active": false,
                "urlParameters": [],
                "name": "attributesByCode",
                "options": []
            },
            "tags": [],
            "urlParameters": {
                "channel": "WEB_GB",
                "enabled": true,
                "stock": "1",
                "locale": "de_DE"
            },
            "resetUrlParameters": {
                "channel": "WEB_GB",
                "enabled": true,
                "stock": "1",
                "locale": "de_DE"
            },
            "name": "attributesByCode",
            "items": [
                {
                    "tags": [],
                    "urlParameters": [],
                    "resetUrlParameters": {
                        "channel": "WEB_GB",
                        "enabled": true,
                        "stock": "1",
                        "locale": "de_DE"
                    },
                    "name": "MUG_COLLECTION_CODE",
                    "choices": {
                        "FEIERTAGSKOLLEKTION": {
                            "active": false,
                            "default": false,
                            "urlParameters": {
                                "channel": "WEB_GB",
                                "enabled": true,
                                "stock": "1",
                                "locale": "de_DE",
                                "attributesByCode": {
                                    "MUG_COLLECTION_CODE": [
                                        "FEIERTAGSKOLLEKTION"
                                    ]
                                }
                            },
                            "label": "FEIERTAGSKOLLEKTION",
                            "count": 2
                        }
                    }
                },
                {
                    "tags": [],
                    "urlParameters": [],
                    "resetUrlParameters": {
                        "channel": "WEB_GB",
                        "enabled": true,
                        "stock": "1",
                        "locale": "de_DE"
                    },
                    "name": "MUG_MATERIAL_CODE",
                    "choices": {
                        "Holz": {
                            "active": false,
                            "default": false,
                            "urlParameters": {
                                "channel": "WEB_GB",
                                "enabled": true,
                                "stock": "1",
                                "locale": "de_DE",
                                "attributesByCode": {
                                    "MUG_MATERIAL_CODE": [
                                        "Holz"
                                    ]
                                }
                            },
                            "label": "Holz",
                            "count": 1
                        }
                    }
                },
                {
                    "tags": [],
                    "urlParameters": [],
                    "resetUrlParameters": {
                        "channel": "WEB_GB",
                        "enabled": true,
                        "stock": "1",
                        "locale": "de_DE"
                    },
                    "name": "PRODUCTION_YEAR",
                    "choices": {
                        "2010": {
                            "active": false,
                            "default": false,
                            "urlParameters": {
                                "channel": "WEB_GB",
                                "enabled": true,
                                "stock": "1",
                                "locale": "de_DE",
                                "attributesByCode": {
                                    "PRODUCTION_YEAR": [
                                        "2010"
                                    ]
                                }
                            },
                            "label": "2010",
                            "count": 1
                        },
                        "2015": {
                            "active": false,
                            "default": false,
                            "urlParameters": {
                                "channel": "WEB_GB",
                                "enabled": true,
                                "stock": "1",
                                "locale": "de_DE",
                                "attributesByCode": {
                                    "PRODUCTION_YEAR": [
                                        "2015"
                                    ]
                                }
                            },
                            "label": "2015",
                            "count": 1
                        },
                        "2020": {
                            "active": false,
                            "default": false,
                            "urlParameters": {
                                "channel": "WEB_GB",
                                "enabled": true,
                                "stock": "1",
                                "locale": "de_DE",
                                "attributesByCode": {
                                    "PRODUCTION_YEAR": [
                                        "2020"
                                    ]
                                }
                            },
                            "label": "2020",
                            "count": 1
                        }
                    }
                }
            ]
        },
        "options": {
            "state": {
                "active": false,
                "urlParameters": [],
                "name": "options",
                "options": []
            },
            "tags": [],
            "urlParameters": {
                "channel": "WEB_GB",
                "enabled": true,
                "stock": "1",
                "locale": "de_DE"
            },
            "resetUrlParameters": {
                "channel": "WEB_GB",
                "enabled": true,
                "stock": "1",
                "locale": "de_DE"
            },
            "name": "options",
            "items": [
                {
                    "tags": [],
                    "urlParameters": [],
                    "resetUrlParameters": {
                        "channel": "WEB_GB",
                        "enabled": true,
                        "stock": "1",
                        "locale": "de_DE"
                    },
                    "name": "Bechergr\u00f6\u00dfe",
                    "choices": {
                        "Gro\u00dfer Becher": {
                            "active": false,
                            "default": false,
                            "urlParameters": {
                                "channel": "WEB_GB",
                                "enabled": true,
                                "stock": "1",
                                "locale": "de_DE",
                                "options": {
                                    "Bechergr\u00f6\u00dfe": [
                                        "Gro\u00dfer Becher"
                                    ]
                                }
                            },
                            "label": "Gro\u00dfer Becher",
                            "count": 1
                        },
                        "Kleiner Becher": {
                            "active": false,
                            "default": false,
                            "urlParameters": {
                                "channel": "WEB_GB",
                                "enabled": true,
                                "stock": "1",
                                "locale": "de_DE",
                                "options": {
                                    "Bechergr\u00f6\u00dfe": [
                                        "Kleiner Becher"
                                    ]
                                }
                            },
                            "label": "Kleiner Becher",
                            "count": 1
                        }
                    }
                },
                {
                    "tags": [],
                    "urlParameters": [],
                    "resetUrlParameters": {
                        "channel": "WEB_GB",
                        "enabled": true,
                        "stock": "1",
                        "locale": "de_DE"
                    },
                    "name": "Hutgr\u00f6\u00dfe",
                    "choices": {
                        "Kleiner Hut": {
                            "active": false,
                            "default": false,
                            "urlParameters": {
                                "channel": "WEB_GB",
                                "enabled": true,
                                "stock": "1",
                                "locale": "de_DE",
                                "options": {
                                    "Hutgr\u00f6\u00dfe": [
                                        "Kleiner Hut"
                                    ]
                                }
                            },
                            "label": "Kleiner Hut",
                            "count": 1
                        }
                    }
                },
                {
                    "tags": [],
                    "urlParameters": [],
                    "resetUrlParameters": {
                        "channel": "WEB_GB",
                        "enabled": true,
                        "stock": "1",
                        "locale": "de_DE"
                    },
                    "name": "T-Shirt Gr\u00f6\u00dfe",
                    "choices": {
                        "L": {
                            "active": false,
                            "default": false,
                            "urlParameters": {
                                "channel": "WEB_GB",
                                "enabled": true,
                                "stock": "1",
                                "locale": "de_DE",
                                "options": {
                                    "T-Shirt Gr\u00f6\u00dfe": [
                                        "L"
                                    ]
                                }
                            },
                            "label": "L",
                            "count": 1
                        },
                        "M": {
                            "active": false,
                            "default": false,
                            "urlParameters": {
                                "channel": "WEB_GB",
                                "enabled": true,
                                "stock": "1",
                                "locale": "de_DE",
                                "options": {
                                    "T-Shirt Gr\u00f6\u00dfe": [
                                        "M"
                                    ]
                                }
                            },
                            "label": "M",
                            "count": 1
                        },
                        "S": {
                            "active": false,
                            "default": false,
                            "urlParameters": {
                                "channel": "WEB_GB",
                                "enabled": true,
                                "stock": "1",
                                "locale": "de_DE",
                                "options": {
                                    "T-Shirt Gr\u00f6\u00dfe": [
                                        "S"
                                    ]
                                }
                            },
                            "label": "S",
                            "count": 1
                        },
                        "XL": {
                            "active": false,
                            "default": false,
                            "urlParameters": {
                                "channel": "WEB_GB",
                                "enabled": true,
                                "stock": "1",
                                "locale": "de_DE",
                                "options": {
                                    "T-Shirt Gr\u00f6\u00dfe": [
                                        "XL"
                                    ]
                                }
                            },
                            "label": "XL",
                            "count": 1
                        }
                    }
                }
            ]
        },
        "sort": {
            "state": {
                "active": false,
                "urlParameters": [],
                "name": "sort",
                "options": []
            },
            "tags": [],
            "urlParameters": {
                "channel": "WEB_GB",
                "enabled": true,
                "stock": "1",
                "locale": "de_DE"
            },
            "resetUrlParameters": {
                "channel": "WEB_GB",
                "enabled": true,
                "stock": "1",
                "locale": "de_DE"
            },
            "name": "sort"
        }
    }
}
