{
    "page": 1,
    "limit": 10,
    "total": 2,
    "pages": 1,
    "items": [
        {
            "code": "LOGAN_MUG_CODE",
            "name": "Logan Mug",
            "slug": "logan-mug",
            "taxons": {
                "others": []
            },
            "variants": [
                {
                    "code": "LOGAN_MUG_CODE",
                    "name": "Logan Mug",
                    "price": {
                        "current": 1000,
                        "currency": "GBP"
                    },
                    "images": []
                }
            ],
            "attributes": [
                {
                    "code": "MUG_COLLECTION_CODE",
                    "name": "Mug collection",
                    "value": "HOLIDAY COLLECTION"
                },
                {
                    "code": "MUG_MATERIAL_CODE",
                    "name": "Mug material",
                    "value": "Wood"
                }
            ],
            "images": [],
            "channelCode": "WEB_GB",
            "localeCode": "en_GB"
        },
        {
            "code": "LOGAN_HAT_CODE",
            "name": "Logan Hat",
            "slug": "logan-hat",
            "taxons": {
                "others": []
            },
            "variants": [
                {
                    "code": "LOGAN_HAT_CODE",
                    "name": "Logan Hat",
                    "price": {
                        "current": 4999,
                        "currency": "GBP"
                    },
                    "images": []
                }
            ],
            "attributes": [
                {
                    "code": "MUG_COLLECTION_CODE",
                    "name": "Mug collection",
                    "value": "HOLIDAY COLLECTION"
                }
            ],
            "images": [],
            "channelCode": "WEB_GB",
            "localeCode": "en_GB"
        }
    ],
    "filters": {
        "channel": {
            "state": {
                "active": false,
                "urlParameters": [],
                "name": "channel",
                "options": []
            },
            "tags": [],
            "urlParameters": {
                "price": "1000;4999"
            },
            "resetUrlParameters": {
                "price": "1000;4999"
            },
            "name": "channel",
            "choices": [
                {
                    "active": false,
                    "default": false,
                    "urlParameters": {
                        "price": "1000;4999",
                        "channel": "WEB_GB"
                    },
                    "label": "WEB_GB",
                    "count": 2
                }
            ]
        },
        "taxonCode": {
            "state": {
                "active": false,
                "urlParameters": [],
                "name": "taxonCode",
                "options": []
            },
            "tags": [],
            "urlParameters": {
                "price": "1000;4999"
            },
            "resetUrlParameters": {
                "price": "1000;4999"
            },
            "name": "taxonCode",
            "choices": []
        },
        "priceRange": {
            "state": {
                "active": true,
                "value": {
                    "gte": "1000",
                    "lte": "4999"
                },
                "urlParameters": {
                    "price": "1000;4999"
                },
                "name": "priceRange",
                "options": []
            },
            "tags": [],
            "urlParameters": {
                "price": "1000;4999"
            },
            "resetUrlParameters": [],
            "name": "priceRange",
            "minBounds": 1000,
            "maxBounds": 8900
        },
        "locale": {
            "state": {
                "active": false,
                "urlParameters": [],
                "name": "locale",
                "options": []
            },
            "tags": [],
            "urlParameters": {
                "price": "1000;4999"
            },
            "resetUrlParameters": {
                "price": "1000;4999"
            },
            "name": "locale",
            "choices": [
                {
                    "active": false,
                    "default": false,
                    "urlParameters": {
                        "price": "1000;4999",
                        "locale": "en_GB"
                    },
                    "label": "en_GB",
                    "count": 2
                }
            ]
        },
        "paginator": {
            "state": {
                "active": false,
                "value": 1,
                "urlParameters": [],
                "name": "paginator",
                "options": {
                    "limit": 10
                }
            },
            "tags": [],
            "urlParameters": {
                "price": "1000;4999"
            },
            "resetUrlParameters": {
                "price": "1000;4999"
            },
            "name": "paginator",
            "currentPage": 1,
            "totalItems": 2,
            "maxPages": 20,
            "itemsPerPage": 10,
            "numPages": 1,
            "options": [],
            "limit": 10
        },
        "search": {
            "state": {
                "active": false,
                "urlParameters": [],
                "name": "search",
                "options": []
            },
            "tags": [],
            "urlParameters": {
                "price": "1000;4999"
            },
            "resetUrlParameters": {
                "price": "1000;4999"
            },
            "name": "search"
        },
        "attributes": {
            "state": {
                "active": false,
                "urlParameters": [],
                "name": "attributes",
                "options": []
            },
            "tags": [],
            "urlParameters": {
                "price": "1000;4999"
            },
            "resetUrlParameters": {
                "price": "1000;4999"
            },
            "name": "attributes",
            "items": [
                {
                    "tags": [],
                    "urlParameters": [],
                    "resetUrlParameters": {
                        "price": "1000;4999"
                    },
                    "name": "MUG_COLLECTION_CODE",
                    "choices": {
                        "HOLIDAY COLLECTION": {
                            "active": false,
                            "default": false,
                            "urlParameters": {
                                "price": "1000;4999",
                                "attributes": {
                                    "MUG_COLLECTION_CODE": [
                                        "HOLIDAY COLLECTION"
                                    ]
                                }
                            },
                            "label": "HOLIDAY COLLECTION",
                            "count": 2
                        }
                    }
                },
                {
                    "tags": [],
                    "urlParameters": [],
                    "resetUrlParameters": {
                        "price": "1000;4999"
                    },
                    "name": "MUG_MATERIAL_CODE",
                    "choices": {
                        "Wood": {
                            "active": false,
                            "default": false,
                            "urlParameters": {
                                "price": "1000;4999",
                                "attributes": {
                                    "MUG_MATERIAL_CODE": [
                                        "Wood"
                                    ]
                                }
                            },
                            "label": "Wood",
                            "count": 1
                        }
                    }
                }
            ]
        }
    }
}
