{
  "page": 1,
  "limit": 10,
  "total": 3,
  "items": [
    {
      "code": "LOGAN_MUG_CODE",
      "name": "Logan Mug",
      "slug": "logan-mug",
      "taxons": {
        "MUG": {
          "code": "CATEGORY",
          "name": "Categories",
          "slug": "categories",
          "description": "@string@",
          "position": 0,
          "children": [
            {
              "code": "MUG",
              "name": "Mugs",
              "slug": "mugs",
              "description": "@string@",
              "position": 0,
              "children": [],
              "images": []
            }
          ],
          "images": []
        },
        "BRAND": {
          "code": "BRAND",
          "name": "Brands",
          "slug": "brands",
          "description": "@string@",
          "position": 1,
          "children": [],
          "images": []
        }
      },
      "variants": {
        "LOGAN_MUG_CODE": {
          "code": "LOGAN_MUG_CODE",
          "name": "Logan Mug",
          "axis": [],
          "nameAxis": {},
          "price": {
            "current": 1999
          },
          "images": [
            {
              "code": "thumbnail",
              "path": "\/uo\/mug.jpg"
            }
          ],
          "appliedPromotions": []
        }
      },
      "attributes": [
        {
          "code": "MUG_MATERIAL_CODE",
          "name": "Mug material",
          "value": "Wood"
        }
      ],
      "associations": [],
      "images": [
        {
          "code": "thumbnail",
          "path": "\/uo\/mug.jpg"
        }
      ],
      "_links": {
        "self": {
          "href": "\/shop-api\/products\/logan-mug"
        }
      }
    },
    {
      "code": "LOGAN_T_SHIRT_CODE",
      "name": "Logan T-Shirt",
      "slug": "logan-t-shirt",
      "taxons": {
        "T_SHIRTS": {
          "code": "CATEGORY",
          "name": "Categories",
          "slug": "categories",
          "description": "@string@",
          "position": 0,
          "children": [
            {
              "code": "T_SHIRTS",
              "name": "T-Shirts",
              "slug": "t-shirts",
              "description": "@string@",
              "position": 2,
              "children": [],
              "images": [
                {
                  "code": "thumbnail",
                  "path": "\/uo\/t-shirt.jpg"
                }
              ]
            }
          ],
          "images": []
        },
        "BRAND": {
          "code": "BRAND",
          "name": "Brands",
          "slug": "brands",
          "description": "@string@",
          "position": 1,
          "children": [],
          "images": []
        }
      },
      "variants": {
        "SMALL_LOGAN_T_SHIRT_CODE": {
          "code": "SMALL_LOGAN_T_SHIRT_CODE",
          "name": "Small Logan T-Shirt",
          "axis": [],
          "nameAxis": {},
          "price": {
            "current": 1999
          },
          "images": [
            {
              "code": "thumbnail",
              "path": "\/uo\/samll-tshirt.jpg"
            }
          ],
          "appliedPromotions": []
        },
        "LARGE_LOGAN_T_SHIRT_CODE": {
          "code": "LARGE_LOGAN_T_SHIRT_CODE",
          "name": "Large Logan T-Shirt",
          "axis": [],
          "nameAxis": {},
          "price": {
            "current": 2999
          },
          "images": [
            {
              "code": "thumbnail",
              "path": "\/uo\/large-tshirt.jpg"
            }
          ],
          "appliedPromotions": []
        }
      },
      "attributes": [],
      "associations": [],
      "images": [
        {
          "code": "thumbnail",
          "path": "\/uo\/tshirt.jpg"
        },
        {
          "code": "thumbnail",
          "path": "\/uo\/samll-tshirt.jpg"
        },
        {
          "code": "thumbnail",
          "path": "\/uo\/large-tshirt.jpg"
        }
      ],
      "_links": {
        "self": {
          "href": "\/shop-api\/products\/logan-t-shirt"
        }
      }
    },
    {
      "code": "LOGAN_HAT_CODE",
      "name": "Logan Hat",
      "slug": "logan-hat",
      "taxons": {
        "HAT": {
          "code": "CATEGORY",
          "name": "Categories",
          "slug": "categories",
          "description": "@string@",
          "position": 0,
          "children": [
            {
              "code": "HAT",
              "name": "Hats",
              "slug": "hats",
              "description": "@string@",
              "position": 1,
              "children": [],
              "images": []
            }
          ],
          "images": []
        },
        "BRAND": {
          "code": "BRAND",
          "name": "Brands",
          "slug": "brands",
          "description": "@string@",
          "position": 1,
          "children": [],
          "images": []
        }
      },
      "variants": {
        "SMALL_RED_LOGAN_HAT_CODE": {
          "code": "SMALL_RED_LOGAN_HAT_CODE",
          "name": "Small Red Logan Hat",
          "axis": [
            "HAT_SIZE_S",
            "HAT_COLOR_RED"
          ],
          "nameAxis": {
            "HAT_SIZE_S": "Size S",
            "HAT_COLOR_RED": "Color Red"
          },
          "price": {
            "current": 500
          },
          "images": [],
          "appliedPromotions": []
        },
        "LARGE_RED_LOGAN_HAT_CODE": {
          "code": "LARGE_RED_LOGAN_HAT_CODE",
          "name": "Large Red Logan Hat",
          "axis": [
            "HAT_SIZE_L",
            "HAT_COLOR_RED"
          ],
          "nameAxis": {
            "HAT_SIZE_L": "Size L",
            "HAT_COLOR_RED": "Color Red"
          },
          "price": {
            "current": 999
          },
          "images": [],
          "appliedPromotions": []
        },
        "SMALL_BLUE_LOGAN_HAT_CODE": {
          "code": "SMALL_BLUE_LOGAN_HAT_CODE",
          "name": "Small Blue Logan Hat",
          "axis": [
            "HAT_SIZE_S",
            "HAT_COLOR_BLUE"
          ],
          "nameAxis": {
            "HAT_SIZE_S": "Size S",
            "HAT_COLOR_BLUE": "Color Blue"
          },
          "price": {
            "current": 1500
          },
          "images": [],
          "appliedPromotions": []
        },
        "LARGE_BLUE_LOGAN_HAT_CODE": {
          "code": "LARGE_BLUE_LOGAN_HAT_CODE",
          "name": "Large Blue Logan Hat",
          "axis": [
            "HAT_SIZE_L",
            "HAT_COLOR_BLUE"
          ],
          "nameAxis": {
            "HAT_SIZE_L": "Size L",
            "HAT_COLOR_BLUE": "Color Blue"
          },
          "price": {
            "current": 2599
          },
          "images": [],
          "appliedPromotions": []
        }
      },
      "attributes": [],
      "associations": {
        "CROSS_SELL_ASSOCIATION_TYPE": [
          {
            "code": "LOGAN_MUG_CODE",
            "name": "Logan Mug",
            "slug": "logan-mug",
            "taxons": {
              "MUG": {
                "code": "CATEGORY",
                "name": "Categories",
                "slug": "categories",
                "description": "@string@",
                "position": 0,
                "children": [
                  {
                    "code": "MUG",
                    "name": "Mugs",
                    "slug": "mugs",
                    "description": "@string@",
                    "position": 0,
                    "children": [],
                    "images": []
                  }
                ],
                "images": []
              },
              "BRAND": {
                "code": "BRAND",
                "name": "Brands",
                "slug": "brands",
                "description": "@string@",
                "position": 1,
                "children": [],
                "images": []
              }
            },
            "variants": {
              "LOGAN_MUG_CODE": {
                "code": "LOGAN_MUG_CODE",
                "name": "Logan Mug",
                "axis": [],
                "nameAxis": {},
                "price": {
                  "current": 1999
                },
                "images": [
                  {
                    "code": "thumbnail",
                    "path": "\/uo\/mug.jpg"
                  }
                ],
                "appliedPromotions": []
              }
            },
            "attributes": [
              {
                "code": "MUG_MATERIAL_CODE",
                "name": "Mug material",
                "value": "Wood"
              }
            ],
            "associations": [],
            "images": [
              {
                "code": "thumbnail",
                "path": "\/uo\/mug.jpg"
              }
            ],
            "_links": {
              "self": {
                "href": "\/shop-api\/products\/logan-mug"
              }
            }
          },
          {
            "code": "LOGAN_T_SHIRT_CODE",
            "name": "Logan T-Shirt",
            "slug": "logan-t-shirt",
            "taxons": {
              "T_SHIRTS": {
                "code": "CATEGORY",
                "name": "Categories",
                "slug": "categories",
                "description": "@string@",
                "position": 0,
                "children": [
                  {
                    "code": "T_SHIRTS",
                    "name": "T-Shirts",
                    "slug": "t-shirts",
                    "description": "@string@",
                    "position": 2,
                    "children": [],
                    "images": [
                      {
                        "code": "thumbnail",
                        "path": "\/uo\/t-shirt.jpg"
                      }
                    ]
                  }
                ],
                "images": []
              },
              "BRAND": {
                "code": "BRAND",
                "name": "Brands",
                "slug": "brands",
                "description": "@string@",
                "position": 1,
                "children": [],
                "images": []
              }
            },
            "variants": {
              "SMALL_LOGAN_T_SHIRT_CODE": {
                "code": "SMALL_LOGAN_T_SHIRT_CODE",
                "name": "Small Logan T-Shirt",
                "axis": [],
                "nameAxis": {},
                "price": {
                  "current": 1999
                },
                "images": [
                  {
                    "code": "thumbnail",
                    "path": "\/uo\/samll-tshirt.jpg"
                  }
                ],
                "appliedPromotions": []
              },
              "LARGE_LOGAN_T_SHIRT_CODE": {
                "code": "LARGE_LOGAN_T_SHIRT_CODE",
                "name": "Large Logan T-Shirt",
                "axis": [],
                "nameAxis": {},
                "price": {
                  "current": 2999
                },
                "images": [
                  {
                    "code": "thumbnail",
                    "path": "\/uo\/large-tshirt.jpg"
                  }
                ],
                "appliedPromotions": []
              }
            },
            "attributes": [],
            "associations": [],
            "images": [
              {
                "code": "thumbnail",
                "path": "\/uo\/tshirt.jpg"
              },
              {
                "code": "thumbnail",
                "path": "\/uo\/samll-tshirt.jpg"
              },
              {
                "code": "thumbnail",
                "path": "\/uo\/large-tshirt.jpg"
              }
            ],
            "_links": {
              "self": {
                "href": "\/shop-api\/products\/logan-t-shirt"
              }
            }
          }
        ]
      },
      "images": [],
      "_links": {
        "self": {
          "href": "\/shop-api\/products\/logan-hat"
        }
      }
    }
  ]
}
